Clock: clk
Sources: clk 
Generated: no
Virtual: no
Propagated: no
Period: 20.000000

===========================================================================
report_clock_properties
============================================================================
Clock                   Period          Waveform
----------------------------------------------------
clk                  20.000000    0.000000 10.000000

===========================================================================
report_clock_latency
============================================================================
Clock clk
rise -> rise
    min     max
0.000000 0.000000 source latency
0.182890         network latency _310_/CLK
        0.182890 network latency _310_/CLK
---------------
0.182890 0.182890 latency
        0.000000 skew

fall -> fall
    min     max
0.000000 0.000000 source latency
0.085511         network latency _310_/CLK
        0.085511 network latency _310_/CLK
---------------
0.085511 0.085511 latency
        0.000000 skew



===========================================================================
report_clock_min_period
============================================================================
clk period_min = 4.05 fmax = 246.66
