
===========================================================================
 report_power
============================================================================
======================= min_tt_025C_1v80 Corner ===================================

Group                    Internal    Switching      Leakage        Total
                            Power        Power        Power        Power (Watts)
------------------------------------------------------------------------
Sequential           6.817982e-05 8.578836e-06 3.556598e-10 7.675901e-05  41.8%
Combinational        9.588989e-06 1.022127e-05 5.808729e-10 1.981084e-05  10.8%
Clock                6.161156e-05 2.549994e-05 9.842703e-09 8.712133e-05  47.4%
Macro                0.000000e+00 0.000000e+00 0.000000e+00 0.000000e+00   0.0%
Pad                  0.000000e+00 0.000000e+00 0.000000e+00 0.000000e+00   0.0%
------------------------------------------------------------------------
Total                1.393804e-04 4.430004e-05 1.077923e-08 1.836912e-04 100.0%
                            75.9%        24.1%         0.0%

