
===========================================================================
 report_power
============================================================================
======================= max_tt_025C_1v80 Corner ===================================

Group                    Internal    Switching      Leakage        Total
                            Power        Power        Power        Power (Watts)
------------------------------------------------------------------------
Sequential           6.814266e-05 8.846871e-06 3.556598e-10 7.698989e-05  41.3%
Combinational        9.598520e-06 1.091919e-05 5.808729e-10 2.051829e-05  11.0%
Clock                6.167353e-05 2.723538e-05 9.842703e-09 8.891875e-05  47.7%
Macro                0.000000e+00 0.000000e+00 0.000000e+00 0.000000e+00   0.0%
Pad                  0.000000e+00 0.000000e+00 0.000000e+00 0.000000e+00   0.0%
------------------------------------------------------------------------
Total                1.394147e-04 4.700144e-05 1.077923e-08 1.864269e-04 100.0%
                            74.8%        25.2%         0.0%

