
===========================================================================
 report_power
============================================================================
======================= nom_ss_100C_1v60 Corner ===================================

Group                    Internal    Switching      Leakage        Total
                            Power        Power        Power        Power (Watts)
------------------------------------------------------------------------
Sequential           5.258855e-05 6.868768e-06 6.124145e-07 6.006973e-05  40.7%
Combinational        7.802501e-06 8.246737e-06 6.738274e-07 1.672307e-05  11.3%
Clock                5.031214e-05 2.052349e-05 1.445099e-07 7.098014e-05  48.0%
Macro                0.000000e+00 0.000000e+00 0.000000e+00 0.000000e+00   0.0%
Pad                  0.000000e+00 0.000000e+00 0.000000e+00 0.000000e+00   0.0%
------------------------------------------------------------------------
Total                1.107032e-04 3.563900e-05 1.430753e-06 1.477730e-04 100.0%
                            74.9%        24.1%         1.0%

