
===========================================================================
 report_power
============================================================================
======================= max_ss_100C_1v60 Corner ===================================

Group                    Internal    Switching      Leakage        Total
                            Power        Power        Power        Power (Watts)
------------------------------------------------------------------------
Sequential           5.255533e-05 6.965070e-06 6.124145e-07 6.013281e-05  40.4%
Combinational        7.804404e-06 8.481456e-06 6.738274e-07 1.695969e-05  11.4%
Clock                5.035593e-05 2.115682e-05 1.445099e-07 7.165726e-05  48.2%
Macro                0.000000e+00 0.000000e+00 0.000000e+00 0.000000e+00   0.0%
Pad                  0.000000e+00 0.000000e+00 0.000000e+00 0.000000e+00   0.0%
------------------------------------------------------------------------
Total                1.107156e-04 3.660335e-05 1.430753e-06 1.487498e-04 100.0%
                            74.4%        24.6%         1.0%

