Clock: clk
Sources: clk 
Generated: no
Virtual: no
Propagated: no
Period: 20.000000

===========================================================================
report_clock_properties
============================================================================
Clock                   Period          Waveform
----------------------------------------------------
clk                  20.000000    0.000000 10.000000

===========================================================================
report_clock_latency
============================================================================
Clock clk
rise -> rise
    min     max
0.000000 0.000000 source latency
0.274783         network latency _310_/CLK
        0.274783 network latency _310_/CLK
---------------
0.274783 0.274783 latency
        0.000000 skew

fall -> fall
    min     max
0.000000 0.000000 source latency
0.153856         network latency _310_/CLK
        0.153856 network latency _310_/CLK
---------------
0.153856 0.153856 latency
        0.000000 skew



===========================================================================
report_clock_min_period
============================================================================
clk period_min = 8.39 fmax = 119.17
