
===========================================================================
 report_power
============================================================================
======================= nom_ss_100C_1v60 Corner ===================================

Group                    Internal    Switching      Leakage        Total
                            Power        Power        Power        Power (Watts)
------------------------------------------------------------------------
Sequential           5.138378e-05 6.176519e-06 6.033901e-07 5.816369e-05  78.3%
Combinational        9.789142e-06 5.566129e-06 7.213619e-07 1.607663e-05  21.7%
Clock                0.000000e+00 0.000000e+00 0.000000e+00 0.000000e+00   0.0%
Macro                0.000000e+00 0.000000e+00 0.000000e+00 0.000000e+00   0.0%
Pad                  0.000000e+00 0.000000e+00 0.000000e+00 0.000000e+00   0.0%
------------------------------------------------------------------------
Total                6.117292e-05 1.174265e-05 1.324753e-06 7.424032e-05 100.0%
                            82.4%        15.8%         1.8%

