
===========================================================================
 report_power
============================================================================
======================= nom_ff_n40C_1v95 Corner ===================================

Group                    Internal    Switching      Leakage        Total
                            Power        Power        Power        Power (Watts)
------------------------------------------------------------------------
Sequential           7.907290e-05 9.258659e-06 5.971133e-10 8.833215e-05  80.4%
Combinational        1.311192e-05 8.481682e-06 1.335319e-09 2.159493e-05  19.6%
Clock                0.000000e+00 0.000000e+00 0.000000e+00 0.000000e+00   0.0%
Macro                0.000000e+00 0.000000e+00 0.000000e+00 0.000000e+00   0.0%
Pad                  0.000000e+00 0.000000e+00 0.000000e+00 0.000000e+00   0.0%
------------------------------------------------------------------------
Total                9.218480e-05 1.774034e-05 1.932432e-09 1.099271e-04 100.0%
                            83.9%        16.1%         0.0%

