
===========================================================================
 report_power
============================================================================
======================= nom_tt_025C_1v80 Corner ===================================

Group                    Internal    Switching      Leakage        Total
                            Power        Power        Power        Power (Watts)
------------------------------------------------------------------------
Sequential           6.816110e-05 8.724990e-06 3.556598e-10 7.688645e-05  41.5%
Combinational        9.594729e-06 1.062212e-05 5.808729e-10 2.021743e-05  10.9%
Clock                6.164769e-05 2.643383e-05 9.842703e-09 8.809136e-05  47.6%
Macro                0.000000e+00 0.000000e+00 0.000000e+00 0.000000e+00   0.0%
Pad                  0.000000e+00 0.000000e+00 0.000000e+00 0.000000e+00   0.0%
------------------------------------------------------------------------
Total                1.394035e-04 4.578093e-05 1.077923e-08 1.851952e-04 100.0%
                            75.3%        24.7%         0.0%

