
===========================================================================
report_checks -unconstrained
===========================================================================
======================= min_ss_100C_1v60 Corner ===================================

Startpoint: rst_n (input port clocked by clk)
Endpoint: _328_ (recovery check against rising-edge clock clk)
Path Group: asynchronous
Path Type: max

Fanout         Cap        Slew       Delay        Time   Description
---------------------------------------------------------------------------------------------
                                  0.000000    0.000000   clock clk (rise edge)
                                  0.000000    0.000000   clock network delay (propagated)
                                  4.000000    4.000000 ^ input external delay
     1    0.002564    0.030696    0.014522    4.014522 ^ rst_n (in)
                                                         rst_n (net)
                      0.030696    0.000000    4.014522 ^ input1/A (sky130_fd_sc_hd__clkbuf_1)
     1    0.002507    0.067526    0.128701    4.143223 ^ input1/X (sky130_fd_sc_hd__clkbuf_1)
                                                         net1 (net)
                      0.067526    0.000027    4.143250 ^ fanout11/A (sky130_fd_sc_hd__buf_2)
     7    0.034335    0.272539    0.343054    4.486304 ^ fanout11/X (sky130_fd_sc_hd__buf_2)
                                                         net11 (net)
                      0.272539    0.000298    4.486603 ^ fanout8/A (sky130_fd_sc_hd__clkbuf_4)
    10    0.049552    0.246676    0.469816    4.956419 ^ fanout8/X (sky130_fd_sc_hd__clkbuf_4)
                                                         net8 (net)
                      0.246680    0.001425    4.957844 ^ _328_/RESET_B (sky130_fd_sc_hd__dfrtp_4)
                                              4.957844   data arrival time

                                 20.000000   20.000000   clock clk (rise edge)
                                  0.000000   20.000000   clock source latency
     1    0.022206    0.165301    0.113047   20.113049 ^ clk (in)
                                                         clk (net)
                      0.165303    0.000000   20.113049 ^ clkbuf_0_clk/A (sky130_fd_sc_hd__clkbuf_16)
     4    0.045268    0.100875    0.299947   20.412994 ^ clkbuf_0_clk/X (sky130_fd_sc_hd__clkbuf_16)
                                                         clknet_0_clk (net)
                      0.100875    0.000334   20.413328 ^ clkbuf_2_0__f_clk/A (sky130_fd_sc_hd__clkbuf_16)
     8    0.028275    0.078065    0.247509   20.660837 ^ clkbuf_2_0__f_clk/X (sky130_fd_sc_hd__clkbuf_16)
                                                         clknet_2_0__leaf_clk (net)
                      0.078065    0.000245   20.661083 ^ _328_/CLK (sky130_fd_sc_hd__dfrtp_4)
                                 -0.250000   20.411083   clock uncertainty
                                  0.000000   20.411083   clock reconvergence pessimism
                                  0.363818   20.774902   library recovery time
                                             20.774902   data required time
---------------------------------------------------------------------------------------------
                                             20.774902   data required time
                                             -4.957844   data arrival time
---------------------------------------------------------------------------------------------
                                             15.817059   slack (MET)


Startpoint: _324_ (rising edge-triggered flip-flop clocked by clk)
Endpoint: _334_ (rising edge-triggered flip-flop clocked by clk)
Path Group: clk
Path Type: max

Fanout         Cap        Slew       Delay        Time   Description
---------------------------------------------------------------------------------------------
                                  0.000000    0.000000   clock clk (rise edge)
                                  0.000000    0.000000   clock source latency
     1    0.022206    0.165301    0.113048    0.113048 ^ clk (in)
                                                         clk (net)
                      0.165303    0.000000    0.113048 ^ clkbuf_0_clk/A (sky130_fd_sc_hd__clkbuf_16)
     4    0.045268    0.100875    0.299946    0.412994 ^ clkbuf_0_clk/X (sky130_fd_sc_hd__clkbuf_16)
                                                         clknet_0_clk (net)
                      0.100875    0.000428    0.413422 ^ clkbuf_2_1__f_clk/A (sky130_fd_sc_hd__clkbuf_16)
    10    0.029653    0.079934    0.249445    0.662867 ^ clkbuf_2_1__f_clk/X (sky130_fd_sc_hd__clkbuf_16)
                                                         clknet_2_1__leaf_clk (net)
                      0.079934    0.000181    0.663047 ^ _324_/CLK (sky130_fd_sc_hd__dfrtp_4)
    10    0.049384    0.217724    1.136623    1.799670 v _324_/Q (sky130_fd_sc_hd__dfrtp_4)
                                                         alu0.op[0] (net)
                      0.217724    0.000828    1.800498 v _229_/A (sky130_fd_sc_hd__or3b_4)
     7    0.029420    0.188211    0.931211    2.731709 v _229_/X (sky130_fd_sc_hd__or3b_4)
                                                         _054_ (net)
                      0.188211    0.000481    2.732189 v _230_/C (sky130_fd_sc_hd__and3_1)
     2    0.004766    0.087727    0.437961    3.170151 v _230_/X (sky130_fd_sc_hd__and3_1)
                                                         _055_ (net)
                      0.087727    0.000041    3.170192 v _233_/B (sky130_fd_sc_hd__or3_1)
     2    0.006057    0.175429    0.850157    4.020349 v _233_/X (sky130_fd_sc_hd__or3_1)
                                                         _058_ (net)
                      0.175429    0.000038    4.020387 v _242_/A2 (sky130_fd_sc_hd__a21o_1)
     2    0.007815    0.099042    0.401182    4.421568 v _242_/X (sky130_fd_sc_hd__a21o_1)
                                                         _066_ (net)
                      0.099042    0.000094    4.421663 v _247_/A (sky130_fd_sc_hd__and2_1)
     5    0.019029    0.196326    0.410254    4.831917 v _247_/X (sky130_fd_sc_hd__and2_1)
                                                         _071_ (net)
                      0.196326    0.000618    4.832535 v _274_/A2 (sky130_fd_sc_hd__o311a_1)
     4    0.015466    0.196763    0.794735    5.627270 v _274_/X (sky130_fd_sc_hd__o311a_1)
                                                         _096_ (net)
                      0.196763    0.000387    5.627657 v _301_/A2 (sky130_fd_sc_hd__o311ai_2)
     3    0.007743    0.452536    0.547155    6.174812 ^ _301_/Y (sky130_fd_sc_hd__o311ai_2)
                                                         _121_ (net)
                      0.452536    0.000036    6.174848 ^ _307_/D_N (sky130_fd_sc_hd__or4bb_1)
     1    0.002987    0.177822    1.033590    7.208437 v _307_/X (sky130_fd_sc_hd__or4bb_1)
                                                         _126_ (net)
                      0.177822    0.000018    7.208456 v _309_/A2 (sky130_fd_sc_hd__a32o_1)
     1    0.002537    0.068994    0.478181    7.686636 v _309_/X (sky130_fd_sc_hd__a32o_1)
                                                         _030_ (net)
                      0.068994    0.000027    7.686663 v _334_/D (sky130_fd_sc_hd__dfrtp_4)
                                              7.686663   data arrival time

                                 20.000000   20.000000   clock clk (rise edge)
                                  0.000000   20.000000   clock source latency
     1    0.022206    0.165301    0.113047   20.113049 ^ clk (in)
                                                         clk (net)
                      0.165303    0.000000   20.113049 ^ clkbuf_0_clk/A (sky130_fd_sc_hd__clkbuf_16)
     4    0.045268    0.100875    0.299947   20.412994 ^ clkbuf_0_clk/X (sky130_fd_sc_hd__clkbuf_16)
                                                         clknet_0_clk (net)
                      0.100881    0.000762   20.413757 ^ clkbuf_2_3__f_clk/A (sky130_fd_sc_hd__clkbuf_16)
     7    0.025890    0.074892    0.244047   20.657803 ^ clkbuf_2_3__f_clk/X (sky130_fd_sc_hd__clkbuf_16)
                                                         clknet_2_3__leaf_clk (net)
                      0.074894    0.000442   20.658245 ^ _334_/CLK (sky130_fd_sc_hd__dfrtp_4)
                                 -0.250000   20.408247   clock uncertainty
                                  0.000000   20.408247   clock reconvergence pessimism
                                 -0.273057   20.135189   library setup time
                                             20.135189   data required time
---------------------------------------------------------------------------------------------
                                             20.135189   data required time
                                             -7.686663   data arrival time
---------------------------------------------------------------------------------------------
                                             12.448525   slack (MET)




===========================================================================
report_checks --slack_max -0.01
============================================================================
======================= min_ss_100C_1v60 Corner ===================================

No paths found.


===========================================================================
 report_check_types -max_slew -max_cap -max_fanout -violators
============================================================================
======================= min_ss_100C_1v60 Corner ===================================



===========================================================================
report_parasitic_annotation -report_unannotated
============================================================================
Found 34 unannotated drivers.
 ena
 ui_in[1]
 ui_in[2]
 ui_in[3]
 ui_in[4]
 ui_in[5]
 ui_in[6]
 ui_in[7]
 uio_in[0]
 uio_in[1]
 uio_in[2]
 uio_in[3]
 uio_in[4]
 uio_in[5]
 uio_in[6]
 uio_in[7]
 clkload0/Y
 clkload1/X
 clkload2/Y
 tt_um_alu7b_12/HI
 tt_um_alu7b_13/HI
 tt_um_alu7b_14/HI
 tt_um_alu7b_15/HI
 tt_um_alu7b_16/HI
 tt_um_alu7b_17/HI
 tt_um_alu7b_18/HI
 tt_um_alu7b_19/HI
 tt_um_alu7b_20/HI
 tt_um_alu7b_21/HI
 tt_um_alu7b_22/HI
 tt_um_alu7b_23/HI
 tt_um_alu7b_24/HI
 tt_um_alu7b_25/HI
 tt_um_alu7b_26/LO
Found 0 partially unannotated drivers.

===========================================================================
max slew violation count 0
max fanout violation count 0
max cap violation count 0
============================================================================

===========================================================================
check_setup -verbose -unconstrained_endpoints -multiple_clock -no_clock -no_input_delay -loops -generated_clocks
===========================================================================
Warning: There are 15 unconstrained endpoints.
  uio_oe[0]
  uio_oe[1]
  uio_oe[2]
  uio_oe[3]
  uio_oe[4]
  uio_oe[5]
  uio_oe[6]
  uio_oe[7]
  uio_out[1]
  uio_out[2]
  uio_out[3]
  uio_out[4]
  uio_out[5]
  uio_out[6]
  uio_out[7]
