Clock: clk
Sources: clk 
Generated: no
Virtual: yes
Propagated: no
Period: 20.000000

===========================================================================
report_clock_properties
============================================================================
Clock                   Period          Waveform
----------------------------------------------------
clk                  20.000000    0.000000 10.000000

===========================================================================
report_clock_latency
============================================================================
Clock clk
rise -> rise
    min     max
0.000000 0.000000 source latency
0.353695         network latency _316_/CLK
        0.357005 network latency _317_/CLK
---------------
0.353695 0.357005 latency
        0.003311 skew

fall -> fall
    min     max
0.000000 0.000000 source latency
0.333896         network latency _316_/CLK
        0.337145 network latency _317_/CLK
---------------
0.333896 0.337145 latency
        0.003249 skew



===========================================================================
report_clock_min_period
============================================================================
clk period_min = 3.74 fmax = 267.34
