
===========================================================================
report_checks -unconstrained
===========================================================================
======================= nom_ff_n40C_1v95 Corner ===================================

Startpoint: rst_n (input port clocked by clk)
Endpoint: _310_ (recovery check against rising-edge clock clk)
Path Group: asynchronous
Path Type: max

Fanout         Cap        Slew       Delay        Time   Description
---------------------------------------------------------------------------------------------
                      0.150000    0.000000    0.000000   clock clk (rise edge)
                                  0.000000    0.000000   clock network delay (ideal)
                                  4.000000    4.000000 ^ input external delay
    31    0.112127    0.380809    0.261365    4.261365 ^ rst_n (in)
                                                         rst_n (net)
                      0.380809    0.000000    4.261365 ^ _310_/RESET_B (sky130_fd_sc_hd__dfrtp_2)
                                              4.261365   data arrival time

                      0.150000   20.000000   20.000000   clock clk (rise edge)
                                  0.000000   20.000000   clock network delay (ideal)
                                 -0.250000   19.750002   clock uncertainty
                                  0.000000   19.750002   clock reconvergence pessimism
                                             19.750002 ^ _310_/CLK (sky130_fd_sc_hd__dfrtp_2)
                                  0.064073   19.814074   library recovery time
                                             19.814074   data required time
---------------------------------------------------------------------------------------------
                                             19.814074   data required time
                                             -4.261365   data arrival time
---------------------------------------------------------------------------------------------
                                             15.552710   slack (MET)


Startpoint: _340_ (rising edge-triggered flip-flop clocked by clk)
Endpoint: uio_out[0] (output port clocked by clk)
Path Group: clk
Path Type: max

Fanout         Cap        Slew       Delay        Time   Description
---------------------------------------------------------------------------------------------
                      0.150000    0.000000    0.000000   clock clk (rise edge)
                                  0.000000    0.000000   clock network delay (ideal)
                      0.150000    0.000000    0.000000 ^ _340_/CLK (sky130_fd_sc_hd__dfrtp_2)
     1    0.001719    0.025255    0.259438    0.259438 v _340_/Q (sky130_fd_sc_hd__dfrtp_2)
                                                         done (net)
                      0.025255    0.000000    0.259438 v _356_/A (sky130_fd_sc_hd__buf_2)
     1    0.033442    0.061571    0.114761    0.374199 v _356_/X (sky130_fd_sc_hd__buf_2)
                                                         uio_out[0] (net)
                      0.061571    0.000000    0.374199 v uio_out[0] (out)
                                              0.374199   data arrival time

                      0.150000   20.000000   20.000000   clock clk (rise edge)
                                  0.000000   20.000000   clock network delay (ideal)
                                 -0.250000   19.750002   clock uncertainty
                                  0.000000   19.750002   clock reconvergence pessimism
                                 -4.000000   15.750001   output external delay
                                             15.750001   data required time
---------------------------------------------------------------------------------------------
                                             15.750001   data required time
                                             -0.374199   data arrival time
---------------------------------------------------------------------------------------------
                                             15.375802   slack (MET)




===========================================================================
report_checks --slack_max -0.01
============================================================================
======================= nom_ff_n40C_1v95 Corner ===================================

No paths found.


===========================================================================
 report_check_types -max_slew -max_cap -max_fanout -violators
============================================================================
======================= nom_ff_n40C_1v95 Corner ===================================

max fanout

Pin                                   Limit Fanout  Slack
---------------------------------------------------------
rst_n                                    10     31    -21 (VIOLATED)
_339_/Q                                  10     15     -5 (VIOLATED)
ui_in[0]                                 10     11        (VIOLATED)
_335_/Q                                  10     11        (VIOLATED)
_337_/Q                                  10     11        (VIOLATED)



===========================================================================
report_parasitic_annotation -report_unannotated
============================================================================
Found 236 unannotated drivers.
 clk
 ena
 rst_n
 ui_in[0]
 ui_in[1]
 ui_in[2]
 ui_in[3]
 ui_in[4]
 ui_in[5]
 ui_in[6]
 ui_in[7]
 uio_in[0]
 uio_in[1]
 uio_in[2]
 uio_in[3]
 uio_in[4]
 uio_in[5]
 uio_in[6]
 uio_in[7]
 _155_/Y
 _156_/Y
 _157_/Y
 _158_/Y
 _159_/Y
 _160_/Y
 _161_/Y
 _162_/X
 _163_/Y
 _164_/X
 _165_/X
 _166_/Y
 _167_/Y
 _168_/Y
 _169_/Y
 _170_/X
 _171_/Y
 _172_/X
 _173_/X
 _174_/Y
 _175_/Y
 _176_/X
 _177_/Y
 _178_/X
 _179_/Y
 _180_/X
 _181_/Y
 _182_/Y
 _183_/X
 _184_/Y
 _185_/X
 _186_/X
 _187_/X
 _188_/Y
 _189_/X
 _190_/X
 _191_/X
 _192_/X
 _193_/X
 _194_/Y
 _195_/X
 _196_/X
 _197_/X
 _198_/X
 _199_/X
 _200_/X
 _201_/X
 _202_/X
 _203_/X
 _204_/X
 _205_/X
 _206_/X
 _207_/X
 _208_/X
 _209_/X
 _210_/X
 _211_/X
 _212_/X
 _213_/X
 _214_/X
 _215_/X
 _216_/X
 _217_/Y
 _218_/X
 _219_/Y
 _220_/X
 _221_/X
 _222_/Y
 _223_/Y
 _224_/Y
 _225_/X
 _226_/X
 _227_/X
 _228_/X
 _229_/X
 _230_/X
 _231_/Y
 _232_/X
 _233_/X
 _234_/Y
 _235_/X
 _236_/Y
 _237_/Y
 _238_/X
 _239_/X
 _240_/X
 _241_/X
 _242_/X
 _243_/X
 _244_/Y
 _245_/X
 _246_/X
 _247_/X
 _248_/Y
 _249_/Y
 _250_/X
 _251_/X
 _252_/X
 _253_/X
 _254_/X
 _255_/Y
 _256_/X
 _257_/X
 _258_/Y
 _259_/X
 _260_/Y
 _261_/Y
 _262_/X
 _263_/Y
 _264_/X
 _265_/X
 _266_/Y
 _267_/X
 _268_/X
 _269_/Y
 _270_/Y
 _271_/X
 _272_/Y
 _273_/X
 _274_/X
 _275_/Y
 _276_/Y
 _277_/X
 _278_/X
 _279_/X
 _280_/X
 _281_/Y
 _282_/X
 _283_/X
 _284_/X
 _285_/X
 _286_/Y
 _287_/X
 _288_/Y
 _289_/X
 _290_/Y
 _291_/Y
 _292_/X
 _293_/X
 _294_/Y
 _295_/Y
 _296_/Y
 _297_/Y
 _298_/X
 _299_/X
 _300_/X
 _301_/Y
 _302_/Y
 _303_/X
 _304_/X
 _305_/X
 _306_/X
 _307_/X
 _308_/X
 _309_/X
 _310_/Q
 _311_/Q
 _312_/Q
 _313_/Q
 _314_/Q
 _315_/Q
 _316_/Q
 _317_/Q
 _318_/Q
 _319_/Q
 _320_/Q
 _321_/Q
 _322_/Q
 _323_/Q
 _324_/Q
 _325_/Q
 _326_/Q
 _327_/Q
 _328_/Q
 _329_/Q
 _330_/Q
 _331_/Q
 _332_/Q
 _333_/Q
 _334_/Q
 _335_/Q
 _336_/Q
 _337_/Q
 _338_/Q
 _339_/Q
 _340_/Q
 _341_/HI
 _341_/LO
 _342_/HI
 _342_/LO
 _343_/HI
 _343_/LO
 _344_/HI
 _344_/LO
 _345_/HI
 _345_/LO
 _346_/HI
 _346_/LO
 _347_/HI
 _347_/LO
 _348_/HI
 _348_/LO
 _349_/HI
 _349_/LO
 _350_/HI
 _350_/LO
 _351_/HI
 _351_/LO
 _352_/HI
 _352_/LO
 _353_/HI
 _353_/LO
 _354_/HI
 _354_/LO
 _355_/HI
 _355_/LO
 _356_/X
Found 0 partially unannotated drivers.

===========================================================================
max slew violation count 0
max fanout violation count 5
max cap violation count 0
============================================================================

===========================================================================
check_setup -verbose -unconstrained_endpoints -multiple_clock -no_clock -no_input_delay -loops -generated_clocks
===========================================================================
Warning: There are 15 unconstrained endpoints.
  uio_oe[0]
  uio_oe[1]
  uio_oe[2]
  uio_oe[3]
  uio_oe[4]
  uio_oe[5]
  uio_oe[6]
  uio_oe[7]
  uio_out[1]
  uio_out[2]
  uio_out[3]
  uio_out[4]
  uio_out[5]
  uio_out[6]
  uio_out[7]
