
===========================================================================
 report_power
============================================================================
======================= nom_tt_025C_1v80 Corner ===================================

Group                    Internal    Switching      Leakage        Total
                            Power        Power        Power        Power (Watts)
------------------------------------------------------------------------
Sequential           6.711752e-05 7.847319e-06 3.435269e-10 7.496518e-05  79.7%
Combinational        1.200021e-05 7.131724e-06 5.582220e-10 1.913250e-05  20.3%
Clock                0.000000e+00 0.000000e+00 0.000000e+00 0.000000e+00   0.0%
Macro                0.000000e+00 0.000000e+00 0.000000e+00 0.000000e+00   0.0%
Pad                  0.000000e+00 0.000000e+00 0.000000e+00 0.000000e+00   0.0%
------------------------------------------------------------------------
Total                7.911774e-05 1.497904e-05 9.017491e-10 9.409768e-05 100.0%
                            84.1%        15.9%         0.0%

