
===========================================================================
 report_power
============================================================================
======================= nom_ff_n40C_1v95 Corner ===================================

Group                    Internal    Switching      Leakage        Total
                            Power        Power        Power        Power (Watts)
------------------------------------------------------------------------
Sequential           7.931143e-05 1.028910e-05 6.536719e-10 8.960118e-05  41.8%
Combinational        1.028415e-05 1.259768e-05 9.680290e-10 2.288279e-05  10.7%
Clock                7.051167e-05 3.156242e-05 1.188716e-08 1.020860e-04  47.6%
Macro                0.000000e+00 0.000000e+00 0.000000e+00 0.000000e+00   0.0%
Pad                  0.000000e+00 0.000000e+00 0.000000e+00 0.000000e+00   0.0%
------------------------------------------------------------------------
Total                1.601072e-04 5.444920e-05 1.350886e-08 2.145699e-04 100.0%
                            74.6%        25.4%         0.0%

