
===========================================================================
report_checks -unconstrained
===========================================================================
======================= nom_tt_025C_1v80 Corner ===================================

Startpoint: rst_n (input port clocked by clk)
Endpoint: _328_ (recovery check against rising-edge clock clk)
Path Group: asynchronous
Path Type: max

Fanout         Cap        Slew       Delay        Time   Description
---------------------------------------------------------------------------------------------
                                  0.000000    0.000000   clock clk (rise edge)
                                  0.000000    0.000000   clock network delay (propagated)
                                  4.000000    4.000000 ^ input external delay
     1    0.003484    0.022695    0.012723    4.012722 ^ rst_n (in)
                                                         rst_n (net)
                      0.022703    0.000000    4.012722 ^ input1/A (sky130_fd_sc_hd__clkbuf_1)
     1    0.002711    0.043072    0.072101    4.084824 ^ input1/X (sky130_fd_sc_hd__clkbuf_1)
                                                         net1 (net)
                      0.043072    0.000064    4.084888 ^ fanout11/A (sky130_fd_sc_hd__buf_2)
     7    0.032588    0.162378    0.191681    4.276568 ^ fanout11/X (sky130_fd_sc_hd__buf_2)
                                                         net11 (net)
                      0.162379    0.000736    4.277304 ^ fanout8/A (sky130_fd_sc_hd__clkbuf_4)
    10    0.049164    0.154056    0.256930    4.534234 ^ fanout8/X (sky130_fd_sc_hd__clkbuf_4)
                                                         net8 (net)
                      0.154091    0.002275    4.536509 ^ _328_/RESET_B (sky130_fd_sc_hd__dfrtp_4)
                                              4.536509   data arrival time

                                 20.000000   20.000000   clock clk (rise edge)
                                  0.000000   20.000000   clock source latency
     1    0.017857    0.086178    0.059160   20.059160 ^ clk (in)
                                                         clk (net)
                      0.086188    0.000000   20.059160 ^ clkbuf_0_clk/A (sky130_fd_sc_hd__clkbuf_16)
     4    0.039781    0.059557    0.156541   20.215702 ^ clkbuf_0_clk/X (sky130_fd_sc_hd__clkbuf_16)
                                                         clknet_0_clk (net)
                      0.059579    0.001021   20.216722 ^ clkbuf_2_0__f_clk/A (sky130_fd_sc_hd__clkbuf_16)
     8    0.027094    0.048199    0.137288   20.354012 ^ clkbuf_2_0__f_clk/X (sky130_fd_sc_hd__clkbuf_16)
                                                         clknet_2_0__leaf_clk (net)
                      0.048216    0.000810   20.354820 ^ _328_/CLK (sky130_fd_sc_hd__dfrtp_4)
                                 -0.250000   20.104822   clock uncertainty
                                  0.000000   20.104822   clock reconvergence pessimism
                                  0.182893   20.287716   library recovery time
                                             20.287716   data required time
---------------------------------------------------------------------------------------------
                                             20.287716   data required time
                                             -4.536509   data arrival time
---------------------------------------------------------------------------------------------
                                             15.751205   slack (MET)


Startpoint: _327_ (rising edge-triggered flip-flop clocked by clk)
Endpoint: uo_out[0] (output port clocked by clk)
Path Group: clk
Path Type: max

Fanout         Cap        Slew       Delay        Time   Description
---------------------------------------------------------------------------------------------
                                  0.000000    0.000000   clock clk (rise edge)
                                  0.000000    0.000000   clock source latency
     1    0.017857    0.086178    0.059161    0.059161 ^ clk (in)
                                                         clk (net)
                      0.086188    0.000000    0.059161 ^ clkbuf_0_clk/A (sky130_fd_sc_hd__clkbuf_16)
     4    0.039781    0.059557    0.156540    0.215701 ^ clkbuf_0_clk/X (sky130_fd_sc_hd__clkbuf_16)
                                                         clknet_0_clk (net)
                      0.059584    0.001122    0.216823 ^ clkbuf_2_1__f_clk/A (sky130_fd_sc_hd__clkbuf_16)
    10    0.029585    0.050677    0.139406    0.356229 ^ clkbuf_2_1__f_clk/X (sky130_fd_sc_hd__clkbuf_16)
                                                         clknet_2_1__leaf_clk (net)
                      0.050681    0.000756    0.356985 ^ _327_/CLK (sky130_fd_sc_hd__dfrtp_4)
     2    0.040068    0.106389    0.534903    0.891888 v _327_/Q (sky130_fd_sc_hd__dfrtp_4)
                                                         uo_out[0] (net)
                      0.106396    0.000927    0.892815 v uo_out[0] (out)
                                              0.892815   data arrival time

                                 20.000000   20.000000   clock clk (rise edge)
                                  0.000000   20.000000   clock network delay (propagated)
                                 -0.250000   19.750002   clock uncertainty
                                  0.000000   19.750002   clock reconvergence pessimism
                                 -4.000000   15.750001   output external delay
                                             15.750001   data required time
---------------------------------------------------------------------------------------------
                                             15.750001   data required time
                                             -0.892815   data arrival time
---------------------------------------------------------------------------------------------
                                             14.857186   slack (MET)




===========================================================================
report_checks --slack_max -0.01
============================================================================
======================= nom_tt_025C_1v80 Corner ===================================

No paths found.


===========================================================================
 report_check_types -max_slew -max_cap -max_fanout -violators
============================================================================
======================= nom_tt_025C_1v80 Corner ===================================



===========================================================================
report_parasitic_annotation -report_unannotated
============================================================================
Found 34 unannotated drivers.
 ena
 ui_in[1]
 ui_in[2]
 ui_in[3]
 ui_in[4]
 ui_in[5]
 ui_in[6]
 ui_in[7]
 uio_in[0]
 uio_in[1]
 uio_in[2]
 uio_in[3]
 uio_in[4]
 uio_in[5]
 uio_in[6]
 uio_in[7]
 clkload0/Y
 clkload1/X
 clkload2/Y
 tt_um_alu7b_12/HI
 tt_um_alu7b_13/HI
 tt_um_alu7b_14/HI
 tt_um_alu7b_15/HI
 tt_um_alu7b_16/HI
 tt_um_alu7b_17/HI
 tt_um_alu7b_18/HI
 tt_um_alu7b_19/HI
 tt_um_alu7b_20/HI
 tt_um_alu7b_21/HI
 tt_um_alu7b_22/HI
 tt_um_alu7b_23/HI
 tt_um_alu7b_24/HI
 tt_um_alu7b_25/HI
 tt_um_alu7b_26/LO
Found 0 partially unannotated drivers.

===========================================================================
max slew violation count 0
Writing metric design__max_slew_violation__count__corner:nom_tt_025C_1v80: 0
max fanout violation count 0
Writing metric design__max_fanout_violation__count__corner:nom_tt_025C_1v80: 0
max cap violation count 0
Writing metric design__max_cap_violation__count__corner:nom_tt_025C_1v80: 0
============================================================================

===========================================================================
check_setup -verbose -unconstrained_endpoints -multiple_clock -no_clock -no_input_delay -loops -generated_clocks
===========================================================================
Warning: There are 15 unconstrained endpoints.
  uio_oe[0]
  uio_oe[1]
  uio_oe[2]
  uio_oe[3]
  uio_oe[4]
  uio_oe[5]
  uio_oe[6]
  uio_oe[7]
  uio_out[1]
  uio_out[2]
  uio_out[3]
  uio_out[4]
  uio_out[5]
  uio_out[6]
  uio_out[7]
