
===========================================================================
 report_power
============================================================================
======================= max_ff_n40C_1v95 Corner ===================================

Group                    Internal    Switching      Leakage        Total
                            Power        Power        Power        Power (Watts)
------------------------------------------------------------------------
Sequential           7.928871e-05 1.043214e-05 6.536719e-10 8.972151e-05  41.5%
Combinational        1.029242e-05 1.294633e-05 9.680290e-10 2.323971e-05  10.8%
Clock                7.054618e-05 3.250313e-05 1.188716e-08 1.030612e-04  47.7%
Macro                0.000000e+00 0.000000e+00 0.000000e+00 0.000000e+00   0.0%
Pad                  0.000000e+00 0.000000e+00 0.000000e+00 0.000000e+00   0.0%
------------------------------------------------------------------------
Total                1.601273e-04 5.588160e-05 1.350886e-08 2.160224e-04 100.0%
                            74.1%        25.9%         0.0%

