Clock: clk
Sources: clk 
Generated: no
Virtual: no
Propagated: no
Period: 20.000000

===========================================================================
report_clock_properties
============================================================================
Clock                   Period          Waveform
----------------------------------------------------
clk                  20.000000    0.000000 10.000000

===========================================================================
report_clock_latency
============================================================================
Clock clk
rise -> rise
    min     max
0.000000 0.000000 source latency
0.142451         network latency _310_/CLK
        0.142451 network latency _310_/CLK
---------------
0.142451 0.142451 latency
        0.000000 skew

fall -> fall
    min     max
0.000000 0.000000 source latency
0.061012         network latency _310_/CLK
        0.061012 network latency _310_/CLK
---------------
0.061012 0.061012 latency
        0.000000 skew



===========================================================================
report_clock_min_period
============================================================================
clk period_min = 2.53 fmax = 394.68
