Clock: clk
Sources: clk 
Generated: no
Virtual: yes
Propagated: no
Period: 20.000000

===========================================================================
report_clock_properties
============================================================================
Clock                   Period          Waveform
----------------------------------------------------
clk                  20.000000    0.000000 10.000000

===========================================================================
report_clock_latency
============================================================================
Clock clk
rise -> rise
    min     max
0.000000 0.000000 source latency
0.672576         network latency _316_/CLK
        0.679595 network latency _327_/CLK
---------------
0.672576 0.679595 latency
        0.007019 skew

fall -> fall
    min     max
0.000000 0.000000 source latency
0.636899         network latency _316_/CLK
        0.642880 network latency _327_/CLK
---------------
0.636899 0.642880 latency
        0.005980 skew



===========================================================================
report_clock_min_period
============================================================================
clk period_min = 7.60 fmax = 131.53
