
===========================================================================
 report_power
============================================================================
======================= nom_tt_025C_1v80 Corner ===================================

Group                    Internal    Switching      Leakage        Total
                            Power        Power        Power        Power (Watts)
------------------------------------------------------------------------
Sequential           6.824503e-05 8.023540e-06 3.556598e-10 7.626893e-05  42.9%
Combinational        9.568817e-06 8.684780e-06 5.808729e-10 1.825418e-05  10.3%
Clock                6.142905e-05 2.200184e-05 3.071715e-10 8.343119e-05  46.9%
Macro                0.000000e+00 0.000000e+00 0.000000e+00 0.000000e+00   0.0%
Pad                  0.000000e+00 0.000000e+00 0.000000e+00 0.000000e+00   0.0%
------------------------------------------------------------------------
Total                1.392429e-04 3.871016e-05 1.243707e-09 1.779543e-04 100.0%
                            78.2%        21.8%         0.0%
Writing metric power__internal__total: 0.00013924289669375867
Writing metric power__switching__total: 3.871015724143945e-5
Writing metric power__leakage__total: 1.243706804210376e-9
Writing metric power__total: 0.00017795429448597133

