
===========================================================================
 report_power
============================================================================
======================= nom_tt_025C_1v80 Corner ===================================

Group                    Internal    Switching      Leakage        Total
                            Power        Power        Power        Power (Watts)
------------------------------------------------------------------------
Sequential           6.818748e-05 8.372713e-06 3.556598e-10 7.656055e-05  42.1%
Combinational        9.618119e-06 9.972272e-06 5.808729e-10 1.959097e-05  10.8%
Clock                6.159948e-05 2.411558e-05 3.071715e-10 8.571536e-05  47.1%
Macro                0.000000e+00 0.000000e+00 0.000000e+00 0.000000e+00   0.0%
Pad                  0.000000e+00 0.000000e+00 0.000000e+00 0.000000e+00   0.0%
------------------------------------------------------------------------
Total                1.394051e-04 4.246056e-05 1.243707e-09 1.818669e-04 100.0%
                            76.7%        23.3%         0.0%
Writing metric power__internal__total: 0.00013940509234089404
Writing metric power__switching__total: 4.246056414558552e-5
Writing metric power__leakage__total: 1.243706804210376e-9
Writing metric power__total: 0.00018186689703725278

